// Jest Snapshot v1, https://goo.gl/fbAQLP

exports[`isInvisibleScrollbar test 1`] = `true`;
