// Jest Snapshot v1, https://goo.gl/fbAQLP

exports[`expandable grid test 1`] = `
<div>
  <div
    class="sc-pNWdM bZoqPE"
    style="width: 1000px; height: 600px;"
  >
    <div
      class="sc-jrsJWt isMknf"
      role="grid"
      style="height: 100%; width: 100%;"
      tabindex="-1"
    >
      <div
        style="height: 350000px;"
      >
        <div
          class="sc-iCoGMd Nmmrq"
          role="rowheader"
          style="height: 35px; top: 0px; width: 635px;"
        >
          <div
            class="sc-eCApnc cibSkH"
            data-id="table-1"
            data-name="$expandable"
            draggable="false"
            role="columnheader"
            style="left: 0px; width: 35px; position: sticky; z-index: 11;"
          >
            <span
              class="sc-gKAaRy"
            />
          </div>
          <div
            class="sc-eCApnc hpuPPE"
            data-id="table-1"
            data-name="id"
            draggable="false"
            role="columnheader"
            style="left: 35px; width: 120px; position: sticky; z-index: 11;"
          >
            <span
              class="sc-gKAaRy"
              style="cursor: pointer;"
            >
              id
            </span>
            <span
              class="sc-jSFjdj jqLned"
            />
          </div>
          <div
            class="sc-eCApnc cibSkH"
            data-id="table-1"
            data-name="userName"
            draggable="false"
            role="columnheader"
            style="left: 155px; width: 120px;"
          >
            <span
              class="sc-gKAaRy"
              style="cursor: pointer;"
            >
              User Name
            </span>
            <span
              class="sc-jSFjdj jqLned"
            />
          </div>
          <div
            class="sc-eCApnc cibSkH"
            data-id="table-1"
            data-name="address"
            draggable="false"
            role="columnheader"
            style="left: 275px; width: 120px;"
          >
            <span
              class="sc-gKAaRy"
              style="cursor: pointer;"
            >
              Address
            </span>
            <span
              class="sc-jSFjdj jqLned"
            />
          </div>
          <div
            class="sc-eCApnc cibSkH"
            data-id="table-1"
            data-name="email"
            draggable="false"
            role="columnheader"
            style="left: 395px; width: 120px;"
          >
            <span
              class="sc-gKAaRy"
              style="cursor: pointer;"
            >
              E-Mail
            </span>
            <span
              class="sc-jSFjdj jqLned"
            />
          </div>
          <div
            class="sc-eCApnc dpazEg"
            data-id="table-1"
            data-name="mobilePhone"
            draggable="false"
            role="columnheader"
            style="width: 120px; position: sticky; z-index: 11; float: right; right: 0px;"
          >
            <span
              class="sc-gKAaRy"
              style="cursor: pointer;"
            >
              Mobile Phone
            </span>
            <span
              class="sc-jSFjdj jqLned"
            />
          </div>
        </div>
        <div
          class="sc-hKFxyN fpSUVZ"
          role="row"
          style="height: 35px; top: 35px; width: 635px; line-height: 35px;"
        >
          <div
            class="sc-dlnjwi iGhXOb"
            role="gridcell"
            style="left: 0px; z-index: 2; width: 35px; height: 35px; line-height: 35px; position: sticky;"
            tabindex="-2"
          >
            <i
              class="sc-kEqXSa bbXQBg"
            >
              <svg
                class="bi bi-chevron-down"
                fill="currentColor"
                height="16"
                viewBox="0 0 16 16"
                width="16"
                xmlns="http://www.w3.org/2000/svg"
              >
                <path
                  d="M1.646 4.646a.5.5 0 0 1 .708 0L8 10.293l5.646-5.647a.5.5 0 0 1 .708.708l-6 6a.5.5 0 0 1-.708 0l-6-6a.5.5 0 0 1 0-.708z"
                  fill-rule="evenodd"
                />
              </svg>
            </i>
          </div>
          <div
            class="sc-dlnjwi eDgJvg"
            role="gridcell"
            style="left: 35px; z-index: 2; width: 120px; height: 35px; line-height: 35px; position: sticky;"
            tabindex="-2"
          >
            0
          </div>
          <div
            class="sc-dlnjwi KaoYI"
            role="gridcell"
            style="left: 155px; width: 120px; height: 35px; line-height: 35px;"
            tabindex="-2"
          >
            my name 0
          </div>
          <div
            class="sc-dlnjwi iGhXOb"
            role="gridcell"
            style="left: 275px; width: 120px; height: 35px; line-height: 35px;"
            tabindex="-2"
          >
            address 0
          </div>
          <div
            class="sc-dlnjwi iGhXOb"
            role="gridcell"
            style="left: 395px; width: 120px; height: 35px; line-height: 35px;"
            tabindex="-2"
          >
            E-Mail 0
          </div>
          <div
            class="sc-dlnjwi sTOYU"
            role="gridcell"
            style="z-index: 2; width: 120px; height: 35px; line-height: 35px; float: right; right: 0px; position: sticky;"
            tabindex="-2"
          >
            Mobile Phone 0
          </div>
        </div>
        <div
          style="top: 70px; width: 635px; position: absolute; line-height: 35px; box-sizing: border-box; border-bottom: 1px solid #ddd; padding: 10px; height: 300px;"
        >
           
          这是一个展开的内容信息 
          {"height":35,"key":"key-0","cells":[{"name":"id","value":"0"},{"name":"userName","value":"my name 0"},{"name":"address","value":"address 0"},{"name":"email","value":"E-Mail 0"},{"name":"mobilePhone","value":"Mobile Phone 0"}],"object":{"id":"0","userName":"my name 0","address":"address 0","email":"E-Mail 0","mobilePhone":"Mobile Phone 0"}}
           
        </div>
        <div
          class="sc-hKFxyN fpSUVZ"
          role="row"
          style="height: 35px; top: 370px; width: 635px; line-height: 35px;"
        >
          <div
            class="sc-dlnjwi iGhXOb"
            role="gridcell"
            style="left: 0px; z-index: 2; width: 35px; height: 35px; line-height: 35px; position: sticky;"
            tabindex="-2"
          />
          <div
            class="sc-dlnjwi eDgJvg"
            role="gridcell"
            style="left: 35px; z-index: 2; width: 120px; height: 35px; line-height: 35px; position: sticky;"
            tabindex="-2"
          >
            1
          </div>
          <div
            class="sc-dlnjwi KaoYI"
            role="gridcell"
            style="left: 155px; width: 120px; height: 35px; line-height: 35px;"
            tabindex="-2"
          >
            my name 1
          </div>
          <div
            class="sc-dlnjwi iGhXOb"
            role="gridcell"
            style="left: 275px; width: 120px; height: 35px; line-height: 35px;"
            tabindex="-2"
          >
            address 1
          </div>
          <div
            class="sc-dlnjwi iGhXOb"
            role="gridcell"
            style="left: 395px; width: 120px; height: 35px; line-height: 35px;"
            tabindex="-2"
          >
            E-Mail 1
          </div>
          <div
            class="sc-dlnjwi sTOYU"
            role="gridcell"
            style="z-index: 2; width: 120px; height: 35px; line-height: 35px; float: right; right: 0px; position: sticky;"
            tabindex="-2"
          >
            Mobile Phone 1
          </div>
        </div>
        <div
          class="sc-hKFxyN fpSUVZ"
          role="row"
          style="height: 35px; top: 405px; width: 635px; line-height: 35px;"
        >
          <div
            class="sc-dlnjwi iGhXOb"
            role="gridcell"
            style="left: 0px; z-index: 2; width: 35px; height: 35px; line-height: 35px; position: sticky;"
            tabindex="-2"
          >
            <i
              class="sc-kEqXSa bbXQBg"
            >
              <svg
                class="bi bi-chevron-right"
                fill="currentColor"
                height="16"
                viewBox="0 0 16 16"
                width="16"
                xmlns="http://www.w3.org/2000/svg"
              >
                <path
                  d="M4.646 1.646a.5.5 0 0 1 .708 0l6 6a.5.5 0 0 1 0 .708l-6 6a.5.5 0 0 1-.708-.708L10.293 8 4.646 2.354a.5.5 0 0 1 0-.708z"
                  fill-rule="evenodd"
                />
              </svg>
            </i>
          </div>
          <div
            class="sc-dlnjwi eDgJvg"
            role="gridcell"
            style="left: 35px; z-index: 2; width: 120px; height: 35px; line-height: 35px; position: sticky;"
            tabindex="-2"
          >
            2
          </div>
          <div
            class="sc-dlnjwi KaoYI"
            role="gridcell"
            style="left: 155px; width: 120px; height: 35px; line-height: 35px;"
            tabindex="-2"
          >
            my name 2
          </div>
          <div
            class="sc-dlnjwi iGhXOb"
            role="gridcell"
            style="left: 275px; width: 120px; height: 35px; line-height: 35px;"
            tabindex="-2"
          >
            address 2
          </div>
          <div
            class="sc-dlnjwi iGhXOb"
            role="gridcell"
            style="left: 395px; width: 120px; height: 35px; line-height: 35px;"
            tabindex="-2"
          >
            E-Mail 2
          </div>
          <div
            class="sc-dlnjwi sTOYU"
            role="gridcell"
            style="z-index: 2; width: 120px; height: 35px; line-height: 35px; float: right; right: 0px; position: sticky;"
            tabindex="-2"
          >
            Mobile Phone 2
          </div>
        </div>
        <div
          class="sc-hKFxyN fpSUVZ"
          role="row"
          style="height: 35px; top: 440px; width: 635px; line-height: 35px;"
        >
          <div
            class="sc-dlnjwi iGhXOb"
            role="gridcell"
            style="left: 0px; z-index: 2; width: 35px; height: 35px; line-height: 35px; position: sticky;"
            tabindex="-2"
          >
            <i
              class="sc-kEqXSa bbXQBg"
            >
              <svg
                class="bi bi-chevron-down"
                fill="currentColor"
                height="16"
                viewBox="0 0 16 16"
                width="16"
                xmlns="http://www.w3.org/2000/svg"
              >
                <path
                  d="M1.646 4.646a.5.5 0 0 1 .708 0L8 10.293l5.646-5.647a.5.5 0 0 1 .708.708l-6 6a.5.5 0 0 1-.708 0l-6-6a.5.5 0 0 1 0-.708z"
                  fill-rule="evenodd"
                />
              </svg>
            </i>
          </div>
          <div
            class="sc-dlnjwi eDgJvg"
            role="gridcell"
            style="left: 35px; z-index: 2; width: 120px; height: 35px; line-height: 35px; position: sticky;"
            tabindex="-2"
          >
            3
          </div>
          <div
            class="sc-dlnjwi KaoYI"
            role="gridcell"
            style="left: 155px; width: 120px; height: 35px; line-height: 35px;"
            tabindex="-2"
          >
            my name 3
          </div>
          <div
            class="sc-dlnjwi iGhXOb"
            role="gridcell"
            style="left: 275px; width: 120px; height: 35px; line-height: 35px;"
            tabindex="-2"
          >
            address 3
          </div>
          <div
            class="sc-dlnjwi iGhXOb"
            role="gridcell"
            style="left: 395px; width: 120px; height: 35px; line-height: 35px;"
            tabindex="-2"
          >
            E-Mail 3
          </div>
          <div
            class="sc-dlnjwi sTOYU"
            role="gridcell"
            style="z-index: 2; width: 120px; height: 35px; line-height: 35px; float: right; right: 0px; position: sticky;"
            tabindex="-2"
          >
            Mobile Phone 3
          </div>
        </div>
        <div
          style="top: 475px; width: 635px; position: absolute; line-height: 35px; box-sizing: border-box; border-bottom: 1px solid #ddd; padding: 10px; height: 300px;"
        >
           
          这是一个展开的内容信息 
          {"height":35,"key":"key-3","cells":[{"name":"id","value":"3"},{"name":"userName","value":"my name 3"},{"name":"address","value":"address 3"},{"name":"email","value":"E-Mail 3"},{"name":"mobilePhone","value":"Mobile Phone 3"}],"object":{"id":"3","userName":"my name 3","address":"address 3","email":"E-Mail 3","mobilePhone":"Mobile Phone 3"}}
           
        </div>
        <div
          class="sc-hKFxyN fpSUVZ"
          role="row"
          style="height: 35px; top: 775px; width: 635px; line-height: 35px;"
        >
          <div
            class="sc-dlnjwi iGhXOb"
            role="gridcell"
            style="left: 0px; z-index: 2; width: 35px; height: 35px; line-height: 35px; position: sticky;"
            tabindex="-2"
          >
            <i
              class="sc-kEqXSa bbXQBg"
            >
              <svg
                class="bi bi-chevron-right"
                fill="currentColor"
                height="16"
                viewBox="0 0 16 16"
                width="16"
                xmlns="http://www.w3.org/2000/svg"
              >
                <path
                  d="M4.646 1.646a.5.5 0 0 1 .708 0l6 6a.5.5 0 0 1 0 .708l-6 6a.5.5 0 0 1-.708-.708L10.293 8 4.646 2.354a.5.5 0 0 1 0-.708z"
                  fill-rule="evenodd"
                />
              </svg>
            </i>
          </div>
          <div
            class="sc-dlnjwi eDgJvg"
            role="gridcell"
            style="left: 35px; z-index: 2; width: 120px; height: 35px; line-height: 35px; position: sticky;"
            tabindex="-2"
          >
            4
          </div>
          <div
            class="sc-dlnjwi KaoYI"
            role="gridcell"
            style="left: 155px; width: 120px; height: 35px; line-height: 35px;"
            tabindex="-2"
          >
            my name 4
          </div>
          <div
            class="sc-dlnjwi iGhXOb"
            role="gridcell"
            style="left: 275px; width: 120px; height: 35px; line-height: 35px;"
            tabindex="-2"
          >
            address 4
          </div>
          <div
            class="sc-dlnjwi iGhXOb"
            role="gridcell"
            style="left: 395px; width: 120px; height: 35px; line-height: 35px;"
            tabindex="-2"
          >
            E-Mail 4
          </div>
          <div
            class="sc-dlnjwi sTOYU"
            role="gridcell"
            style="z-index: 2; width: 120px; height: 35px; line-height: 35px; float: right; right: 0px; position: sticky;"
            tabindex="-2"
          >
            Mobile Phone 4
          </div>
        </div>
        <div
          class="sc-hKFxyN fpSUVZ"
          role="row"
          style="height: 35px; top: 810px; width: 635px; line-height: 35px;"
        >
          <div
            class="sc-dlnjwi iGhXOb"
            role="gridcell"
            style="left: 0px; z-index: 2; width: 35px; height: 35px; line-height: 35px; position: sticky;"
            tabindex="-2"
          >
            <i
              class="sc-kEqXSa bbXQBg"
            >
              <svg
                class="bi bi-chevron-right"
                fill="currentColor"
                height="16"
                viewBox="0 0 16 16"
                width="16"
                xmlns="http://www.w3.org/2000/svg"
              >
                <path
                  d="M4.646 1.646a.5.5 0 0 1 .708 0l6 6a.5.5 0 0 1 0 .708l-6 6a.5.5 0 0 1-.708-.708L10.293 8 4.646 2.354a.5.5 0 0 1 0-.708z"
                  fill-rule="evenodd"
                />
              </svg>
            </i>
          </div>
          <div
            class="sc-dlnjwi eDgJvg"
            role="gridcell"
            style="left: 35px; z-index: 2; width: 120px; height: 35px; line-height: 35px; position: sticky;"
            tabindex="-2"
          >
            5
          </div>
          <div
            class="sc-dlnjwi KaoYI"
            role="gridcell"
            style="left: 155px; width: 120px; height: 35px; line-height: 35px;"
            tabindex="-2"
          >
            my name 5
          </div>
          <div
            class="sc-dlnjwi iGhXOb"
            role="gridcell"
            style="left: 275px; width: 120px; height: 35px; line-height: 35px;"
            tabindex="-2"
          >
            address 5
          </div>
          <div
            class="sc-dlnjwi iGhXOb"
            role="gridcell"
            style="left: 395px; width: 120px; height: 35px; line-height: 35px;"
            tabindex="-2"
          >
            E-Mail 5
          </div>
          <div
            class="sc-dlnjwi sTOYU"
            role="gridcell"
            style="z-index: 2; width: 120px; height: 35px; line-height: 35px; float: right; right: 0px; position: sticky;"
            tabindex="-2"
          >
            Mobile Phone 5
          </div>
        </div>
      </div>
    </div>
  </div>
</div>
`;
