// Jest Snapshot v1, https://goo.gl/fbAQLP

exports[`foot grid test 1`] = `
<div>
  <div
    class="sc-iqAclL jbxQIp"
  >
    <div
      class="sc-pNWdM bZoqPE"
      style="width: 0px; height: 500px;"
    >
      <div
        class="sc-jrsJWt isMknf"
        role="grid"
        style="height: 100%; width: 100%;"
        tabindex="-1"
      >
        <div
          style="height: 3535px;"
        >
          <div
            class="sc-iCoGMd Nmmrq"
            role="rowheader"
            style="height: 35px; top: 0px; width: 600px;"
          >
            <div
              class="sc-eCApnc cibSkH"
              data-id="table-1"
              data-name="id"
              draggable="false"
              role="columnheader"
              style="left: 0px; width: 120px;"
            >
              <span
                class="sc-gKAaRy"
              >
                id
              </span>
            </div>
            <div
              class="sc-eCApnc cibSkH"
              data-id="table-1"
              data-name="userName"
              draggable="false"
              role="columnheader"
              style="left: 120px; width: 120px;"
            >
              <span
                class="sc-gKAaRy"
              >
                User Name
              </span>
            </div>
          </div>
          <div
            class="sc-hKFxyN fpSUVZ"
            role="row"
            style="height: 35px; top: 35px; width: 600px; line-height: 35px;"
          >
            <div
              class="sc-dlnjwi iGhXOb"
              role="gridcell"
              style="left: 0px; width: 120px; height: 35px; line-height: 35px;"
              tabindex="-2"
            >
              0
            </div>
            <div
              class="sc-dlnjwi iGhXOb"
              role="gridcell"
              style="left: 120px; width: 120px; height: 35px; line-height: 35px;"
              tabindex="-2"
            >
              my name 0
            </div>
          </div>
          <div
            class="sc-hKFxyN fpSUVZ"
            role="row"
            style="height: 35px; top: 70px; width: 600px; line-height: 35px;"
          >
            <div
              class="sc-dlnjwi iGhXOb"
              role="gridcell"
              style="left: 0px; width: 120px; height: 35px; line-height: 35px;"
              tabindex="-2"
            >
              1
            </div>
            <div
              class="sc-dlnjwi iGhXOb"
              role="gridcell"
              style="left: 120px; width: 120px; height: 35px; line-height: 35px;"
              tabindex="-2"
            >
              my name 1
            </div>
          </div>
          <div
            class="sc-hKFxyN fpSUVZ"
            role="row"
            style="height: 35px; top: 105px; width: 600px; line-height: 35px;"
          >
            <div
              class="sc-dlnjwi iGhXOb"
              role="gridcell"
              style="left: 0px; width: 120px; height: 35px; line-height: 35px;"
              tabindex="-2"
            >
              2
            </div>
            <div
              class="sc-dlnjwi iGhXOb"
              role="gridcell"
              style="left: 120px; width: 120px; height: 35px; line-height: 35px;"
              tabindex="-2"
            >
              my name 2
            </div>
          </div>
          <div
            class="sc-hKFxyN fpSUVZ"
            role="row"
            style="height: 35px; top: 140px; width: 600px; line-height: 35px;"
          >
            <div
              class="sc-dlnjwi iGhXOb"
              role="gridcell"
              style="left: 0px; width: 120px; height: 35px; line-height: 35px;"
              tabindex="-2"
            >
              3
            </div>
            <div
              class="sc-dlnjwi iGhXOb"
              role="gridcell"
              style="left: 120px; width: 120px; height: 35px; line-height: 35px;"
              tabindex="-2"
            >
              my name 3
            </div>
          </div>
          <div
            class="sc-hKFxyN fpSUVZ"
            role="row"
            style="height: 35px; top: 175px; width: 600px; line-height: 35px;"
          >
            <div
              class="sc-dlnjwi iGhXOb"
              role="gridcell"
              style="left: 0px; width: 120px; height: 35px; line-height: 35px;"
              tabindex="-2"
            >
              4
            </div>
            <div
              class="sc-dlnjwi iGhXOb"
              role="gridcell"
              style="left: 120px; width: 120px; height: 35px; line-height: 35px;"
              tabindex="-2"
            >
              my name 4
            </div>
          </div>
          <div
            class="sc-hKFxyN fpSUVZ"
            role="row"
            style="height: 35px; top: 210px; width: 600px; line-height: 35px;"
          >
            <div
              class="sc-dlnjwi iGhXOb"
              role="gridcell"
              style="left: 0px; width: 120px; height: 35px; line-height: 35px;"
              tabindex="-2"
            >
              5
            </div>
            <div
              class="sc-dlnjwi iGhXOb"
              role="gridcell"
              style="left: 120px; width: 120px; height: 35px; line-height: 35px;"
              tabindex="-2"
            >
              my name 5
            </div>
          </div>
          <div
            class="sc-hKFxyN fpSUVZ"
            role="row"
            style="height: 35px; top: 245px; width: 600px; line-height: 35px;"
          >
            <div
              class="sc-dlnjwi iGhXOb"
              role="gridcell"
              style="left: 0px; width: 120px; height: 35px; line-height: 35px;"
              tabindex="-2"
            >
              6
            </div>
            <div
              class="sc-dlnjwi iGhXOb"
              role="gridcell"
              style="left: 120px; width: 120px; height: 35px; line-height: 35px;"
              tabindex="-2"
            >
              my name 6
            </div>
          </div>
          <div
            class="sc-hKFxyN fpSUVZ"
            role="row"
            style="height: 35px; top: 280px; width: 600px; line-height: 35px;"
          >
            <div
              class="sc-dlnjwi iGhXOb"
              role="gridcell"
              style="left: 0px; width: 120px; height: 35px; line-height: 35px;"
              tabindex="-2"
            >
              7
            </div>
            <div
              class="sc-dlnjwi iGhXOb"
              role="gridcell"
              style="left: 120px; width: 120px; height: 35px; line-height: 35px;"
              tabindex="-2"
            >
              my name 7
            </div>
          </div>
          <div
            class="sc-hKFxyN fpSUVZ"
            role="row"
            style="height: 35px; top: 315px; width: 600px; line-height: 35px;"
          >
            <div
              class="sc-dlnjwi iGhXOb"
              role="gridcell"
              style="left: 0px; width: 120px; height: 35px; line-height: 35px;"
              tabindex="-2"
            >
              8
            </div>
            <div
              class="sc-dlnjwi iGhXOb"
              role="gridcell"
              style="left: 120px; width: 120px; height: 35px; line-height: 35px;"
              tabindex="-2"
            >
              my name 8
            </div>
          </div>
          <div
            class="sc-hKFxyN fpSUVZ"
            role="row"
            style="height: 35px; top: 350px; width: 600px; line-height: 35px;"
          >
            <div
              class="sc-dlnjwi iGhXOb"
              role="gridcell"
              style="left: 0px; width: 120px; height: 35px; line-height: 35px;"
              tabindex="-2"
            >
              9
            </div>
            <div
              class="sc-dlnjwi iGhXOb"
              role="gridcell"
              style="left: 120px; width: 120px; height: 35px; line-height: 35px;"
              tabindex="-2"
            >
              my name 9
            </div>
          </div>
          <div
            class="sc-hKFxyN fpSUVZ"
            role="row"
            style="height: 35px; top: 385px; width: 600px; line-height: 35px;"
          >
            <div
              class="sc-dlnjwi iGhXOb"
              role="gridcell"
              style="left: 0px; width: 120px; height: 35px; line-height: 35px;"
              tabindex="-2"
            >
              10
            </div>
            <div
              class="sc-dlnjwi iGhXOb"
              role="gridcell"
              style="left: 120px; width: 120px; height: 35px; line-height: 35px;"
              tabindex="-2"
            >
              my name 10
            </div>
          </div>
          <div
            class="sc-hKFxyN fpSUVZ"
            role="row"
            style="height: 35px; top: 420px; width: 600px; line-height: 35px;"
          >
            <div
              class="sc-dlnjwi iGhXOb"
              role="gridcell"
              style="left: 0px; width: 120px; height: 35px; line-height: 35px;"
              tabindex="-2"
            >
              11
            </div>
            <div
              class="sc-dlnjwi iGhXOb"
              role="gridcell"
              style="left: 120px; width: 120px; height: 35px; line-height: 35px;"
              tabindex="-2"
            >
              my name 11
            </div>
          </div>
          <div
            class="sc-hKFxyN fpSUVZ"
            role="row"
            style="height: 35px; top: 455px; width: 600px; line-height: 35px;"
          >
            <div
              class="sc-dlnjwi iGhXOb"
              role="gridcell"
              style="left: 0px; width: 120px; height: 35px; line-height: 35px;"
              tabindex="-2"
            >
              12
            </div>
            <div
              class="sc-dlnjwi iGhXOb"
              role="gridcell"
              style="left: 120px; width: 120px; height: 35px; line-height: 35px;"
              tabindex="-2"
            >
              my name 12
            </div>
          </div>
          <div
            class="sc-hKFxyN fpSUVZ"
            role="row"
            style="height: 35px; top: 490px; width: 600px; line-height: 35px;"
          >
            <div
              class="sc-dlnjwi iGhXOb"
              role="gridcell"
              style="left: 0px; width: 120px; height: 35px; line-height: 35px;"
              tabindex="-2"
            >
              13
            </div>
            <div
              class="sc-dlnjwi iGhXOb"
              role="gridcell"
              style="left: 120px; width: 120px; height: 35px; line-height: 35px;"
              tabindex="-2"
            >
              my name 13
            </div>
          </div>
          <div
            class="sc-hKFxyN fpSUVZ"
            role="row"
            style="height: 35px; top: 525px; width: 600px; line-height: 35px;"
          >
            <div
              class="sc-dlnjwi iGhXOb"
              role="gridcell"
              style="left: 0px; width: 120px; height: 35px; line-height: 35px;"
              tabindex="-2"
            >
              14
            </div>
            <div
              class="sc-dlnjwi iGhXOb"
              role="gridcell"
              style="left: 120px; width: 120px; height: 35px; line-height: 35px;"
              tabindex="-2"
            >
              my name 14
            </div>
          </div>
          <div
            class="sc-hKFxyN fpSUVZ"
            role="row"
            style="height: 35px; top: 560px; width: 600px; line-height: 35px;"
          >
            <div
              class="sc-dlnjwi iGhXOb"
              role="gridcell"
              style="left: 0px; width: 120px; height: 35px; line-height: 35px;"
              tabindex="-2"
            >
              15
            </div>
            <div
              class="sc-dlnjwi iGhXOb"
              role="gridcell"
              style="left: 120px; width: 120px; height: 35px; line-height: 35px;"
              tabindex="-2"
            >
              my name 15
            </div>
          </div>
          <div
            class="sc-hKFxyN fpSUVZ"
            role="row"
            style="height: 35px; top: 595px; width: 600px; line-height: 35px;"
          >
            <div
              class="sc-dlnjwi iGhXOb"
              role="gridcell"
              style="left: 0px; width: 120px; height: 35px; line-height: 35px;"
              tabindex="-2"
            >
              16
            </div>
            <div
              class="sc-dlnjwi iGhXOb"
              role="gridcell"
              style="left: 120px; width: 120px; height: 35px; line-height: 35px;"
              tabindex="-2"
            >
              my name 16
            </div>
          </div>
          <div
            class="sc-hKFxyN fpSUVZ"
            role="row"
            style="height: 35px; top: 630px; width: 600px; line-height: 35px;"
          >
            <div
              class="sc-dlnjwi iGhXOb"
              role="gridcell"
              style="left: 0px; width: 120px; height: 35px; line-height: 35px;"
              tabindex="-2"
            >
              17
            </div>
            <div
              class="sc-dlnjwi iGhXOb"
              role="gridcell"
              style="left: 120px; width: 120px; height: 35px; line-height: 35px;"
              tabindex="-2"
            >
              my name 17
            </div>
          </div>
          <div
            class="sc-hKFxyN fpSUVZ"
            role="row"
            style="height: 35px; top: 665px; width: 600px; line-height: 35px;"
          >
            <div
              class="sc-dlnjwi iGhXOb"
              role="gridcell"
              style="left: 0px; width: 120px; height: 35px; line-height: 35px;"
              tabindex="-2"
            >
              18
            </div>
            <div
              class="sc-dlnjwi iGhXOb"
              role="gridcell"
              style="left: 120px; width: 120px; height: 35px; line-height: 35px;"
              tabindex="-2"
            >
              my name 18
            </div>
          </div>
          <div
            class="sc-hKFxyN fpSUVZ"
            role="row"
            style="height: 35px; top: 700px; width: 600px; line-height: 35px;"
          >
            <div
              class="sc-dlnjwi iGhXOb"
              role="gridcell"
              style="left: 0px; width: 120px; height: 35px; line-height: 35px;"
              tabindex="-2"
            >
              19
            </div>
            <div
              class="sc-dlnjwi iGhXOb"
              role="gridcell"
              style="left: 120px; width: 120px; height: 35px; line-height: 35px;"
              tabindex="-2"
            >
              my name 19
            </div>
          </div>
          <div
            class="sc-hKFxyN fpSUVZ"
            role="row"
            style="height: 35px; top: 735px; width: 600px; line-height: 35px;"
          >
            <div
              class="sc-dlnjwi iGhXOb"
              role="gridcell"
              style="left: 0px; width: 120px; height: 35px; line-height: 35px;"
              tabindex="-2"
            >
              20
            </div>
            <div
              class="sc-dlnjwi iGhXOb"
              role="gridcell"
              style="left: 120px; width: 120px; height: 35px; line-height: 35px;"
              tabindex="-2"
            >
              my name 20
            </div>
          </div>
        </div>
        <div
          class="sc-hKFxyN fpSUVZ"
          role="row"
          style="height: 35px; width: 600px; line-height: 35px; position: sticky; border-top: 1px solid #ddd; z-index: 20; bottom: 0px;"
        >
          <div
            class="sc-dlnjwi iGhXOb"
            role="gridcell"
            style="left: 0px; width: 120px; height: 35px; line-height: 35px;"
            tabindex="-2"
          >
            count: 10000
          </div>
          <div
            class="sc-dlnjwi iGhXOb"
            role="gridcell"
            style="left: 120px; width: 120px; height: 35px; line-height: 35px;"
            tabindex="-2"
          >
            max: zhangj
          </div>
        </div>
      </div>
    </div>
  </div>
</div>
`;
